     1        001F      TEMP	EQU	1FH
     2                  
     3  0000: 02 00 5B  	LJMP START
     4                  	
     5  001B:           	ORG 001BH	;TIMER 1
     6  001B: 85 1A 1F  	MOV TEMP,1AH	;PSW
     7  001E: 85 D0 1A  	MOV 1AH,PSW
     8  0021: 85 1F D0  	MOV PSW,TEMP
     9  0024: C2 D3     	CLR RS0
    10  0026: 30 D5 02  	JNB F0,$+3+2
    11  0029: D2 D3     	SETB RS0
    12  002B: 85 1B 1F  	MOV TEMP,1BH	;A
    13  002E: F5 1B     	MOV 1BH,A	
    14  0030: E5 1F     	MOV A,TEMP
    15  0032: 85 1C 1F  	MOV TEMP,1CH	;B
    16  0035: 85 F0 1C  	MOV 1CH,B	
    17  0038: 85 1F F0  	MOV B,TEMP
    18  003B: 85 1D 1F  	MOV TEMP,1DH	;DPH
    19  003E: 85 83 1D  	MOV 1DH,DPH	
    20  0041: 85 1F 83  	MOV DPH,TEMP
    21  0044: 85 1E 1F  	MOV TEMP,1EH	;DPL
    22  0047: 85 82 1E  	MOV 1EH,DPL
    23  004A: 85 1F 82  	MOV DPL,TEMP
    24  004D: 85 18 1F  	MOV TEMP,18H	;ADRES H
    25  0050: D0 18     	POP 18H
    26  0052: E5 19     	MOV A,19H	;ADRES L
    27  0054: D0 19     	POP 19H
    28  0056: C0 E0     	PUSH ACC
    29  0058: C0 1F     	PUSH TEMP
    30  005A: 32        	RETI
    31                  
    32  005B:           START:
    33  005B: 75 81 2F  	MOV SP,#2FH
    34  005E: 43 89 10  	ORL TMOD,#00010000B
    35  0061: D2 AF     	SETB EA
    36  0063: D2 AB     	SETB ET1
    37  0065: D2 BB     	SETB PT1
    38  0067: D2 8E     	SETB TR1	
    39                  	
    40  0069: D2 D5     	SETB F0
    41  006B: 85 D0 1A  	MOV 1AH,PSW	;ZNACZNIKI
    42  006E: 75 18 02  	MOV 18H,#02	;ADRES ZADANIA 2
    43  0071: 75 19 00  	MOV 19H,#00
    44  0074: C2 D5     	CLR F0
    45                  
    46  0100:           	ORG 0100H
    47  0100:           TASK1:
    48  0100: 0A        	INC R2
    49  0101: EA        	MOV A,R2
    50  0102: F4        	CPL A
    51  0103: F5 90     	MOV P1,A
    52  0105:           REP:
    53  0105: D8 FE     	DJNZ R0,REP
    54  0107: 78 FF     	MOV R0,#0FFH
    55  0109: D9 FA     	DJNZ R1,REP
    56  010B: 79 50     	MOV R1,#050H
    57                  
    58  010D: 80 F1     	SJMP TASK1
    59                  
    60  0200:           	ORG 0200H
    61  0200:           TASK2:
    62  0200: B2 B2     	CPL P3.2
    63  0202: DA FC     	DJNZ R2,TASK2
    64  0204: AA 02     	MOV R2,2
    65  0206: 80 F8     	SJMP TASK2
